// Jest Snapshot v1, https://goo.gl/fbAQLP

exports[`should render Pagination component without errors 1`] = `
<div
  className="pagination"
>
  <ul />
</div>
`;
